============================= test session starts =============================
platform win32 -- Python 3.12.8, pytest-8.2.1, pluggy-1.6.0 -- C:\Users\sir\AppData\Local\Programs\Python\Python312\python.exe
cachedir: .pytest_cache
rootdir: C:\Users\sir\Downloads\New project(5)0209\New project(3) 3\New project
configfile: pyproject.toml
plugins: anyio-4.12.1
collecting ... collected 0 items / 1 error

=================================== ERRORS ====================================
____________ ERROR collecting tests/domain/test_reminder_engine.py ____________
ImportError while importing test module 'C:\Users\sir\Downloads\New project(5)0209\New project(3) 3\New project\tests\domain\test_reminder_engine.py'.
Hint: make sure your test modules/packages have valid Python names.
Traceback:
..\..\..\..\AppData\Local\Programs\Python\Python312\Lib\importlib\__init__.py:90: in import_module
    return _bootstrap._gcd_import(name[level:], package, level)
tests\domain\test_reminder_engine.py:3: in <module>
    from domain.reminder_engine import compute_planned_time, generate_today_events
E   ModuleNotFoundError: No module named 'domain'
=========================== short test summary info ===========================
ERROR tests/domain/test_reminder_engine.py
!!!!!!!!!!!!!!!!!!! Interrupted: 1 error during collection !!!!!!!!!!!!!!!!!!!!
============================== 1 error in 0.24s ===============================
